exports[`test move between lists 1`] = `"[{\"id\":1,\"rows\":[{\"id\":1}]},{\"id\":2,\"rows\":[{\"id\":2},{\"id\":3},{\"id\":4}]}]"`;

exports[`test move item from a list with a single element 1`] = `"[{\"id\":1,\"rows\":[{\"id\":1},{\"id\":2},{\"id\":3}]},{\"id\":2,\"rows\":[]}]"`;

exports[`test move item inside same list 1`] = `"[{\"id\":1,\"rows\":[{\"id\":2},{\"id\":1}]},{\"id\":2,\"rows\":[{\"id\":3},{\"id\":4}]}]"`;

exports[`test move item to an empty list 1`] = `"[{\"id\":1,\"rows\":[{\"id\":2}]},{\"id\":2,\"rows\":[{\"id\":1}]}]"`;

exports[`test move lists 1`] = `"[{\"id\":2,\"rows\":[{\"id\":3},{\"id\":4}]},{\"id\":1,\"rows\":[{\"id\":1},{\"id\":2}]}]"`;
