// Jest Snapshot v1, https://goo.gl/fbAQLP

exports[`base 1`] = `"[0,1,2,3,4,5,6,7,8,9]"`;

exports[`base 2 1`] = `"[10,11,12,13,14,15,16,17,18,19,20,21,22,23,24]"`;

exports[`base 3 1`] = `"[0,1,2,3,4]"`;

exports[`base 4 1`] = `"[]"`;

exports[`no items 1`] = `"[]"`;

exports[`no overscan 1`] = `"[2,3,4,5,6]"`;

exports[`offset greather than itemCount 1`] = `"[9]"`;

exports[`offset less than 0 1`] = `"[0,1,2,3,4]"`;

exports[`overscan greather than itemCount 1`] = `"[]"`;

exports[`windowCount equal to offset 1`] = `"[0]"`;

exports[`windowCount of 1 1`] = `"[5]"`;
